// Jest Snapshot v1, https://goo.gl/fbAQLP

exports[`<Header /> should match snapshots 1`] = `
<div>
  <div
    class="css-1br5xam"
  >
    Mock text
  </div>
</div>
`;
